lsm-tree
  Test.Database.LSMTree.StateMachine
    propLockstep_RealImpl_MockFS_IOSim: 